  正在确定要还原的项目…
  所有项目均是最新的，无法还原。
  StudentManagerCore -> C:\StudentManagerCore\StudentManagerCore\bin\Debug\net8.0\StudentManagerCore.dll

已成功生成。
    0 个警告
    0 个错误

已用时间 00:00:02.07
